Completed deployment period 1/10
Completed deployment period 2/10
Completed deployment period 3/10
Completed deployment period 4/10
Completed deployment period 5/10
Completed deployment period 6/10
Completed deployment period 7/10
Completed deployment period 8/10
Completed deployment period 9/10
Completed deployment period 10/10
Profiles: 100 | periods/profile: 10
Default period mean RMSE: 51.242 N*m
Settled period mean RMSE: 27.627 N*m
Settled RMSE p50/p90/p95: [26.36244034 41.45822616 45.27333875]
Settled mean profile offload: 49.862%
Settled aggregate motor-work offload: 52.675%
Settled offload p05/p50/p95: [ 9.59640559 50.18581299 81.22310542]
Negative-offload profiles: 0.00%
Saved C:\Users\kn109\Code\adaptive-Spring-Network\spring-network\tables\period_adaptive_3d\period_adaptive_3d_collision_exact5refresh_6x1000_seed101_many_profiles.csv
Saved C:\Users\kn109\Code\adaptive-Spring-Network\spring-network\tables\period_adaptive_3d\period_adaptive_3d_collision_exact5refresh_6x1000_seed101_many_profiles_per_period.csv, C:\Users\kn109\Code\adaptive-Spring-Network\spring-network\tables\period_adaptive_3d\period_adaptive_3d_collision_exact5refresh_6x1000_seed101_many_profiles_summary.csv, and complete compressed arrays
